16:29:22 **** Incremental Build of configuration Debug for project LCD_MPU6050 ****
make -j12 all 
arm-none-eabi-gcc "../Core/Src/main.c" -mcpu=cortex-m3 -std=gnu11 -g3 -DDEBUG -DUSE_HAL_DRIVER -DSTM32F103xB -c -I../Core/Inc -I../Drivers/STM32F1xx_HAL_Driver/Inc -I../Drivers/STM32F1xx_HAL_Driver/Inc/Legacy -I../Drivers/CMSIS/Device/ST/STM32F1xx/Include -I../Drivers/CMSIS/Include -O0 -ffunction-sections -fdata-sections -Wall -fstack-usage -MMD -MP -MF"Core/Src/main.d" -MT"Core/Src/main.o" --specs=nano.specs -mfloat-abi=soft -mthumb -o "Core/Src/main.o"
../Core/Src/main.c: In function 'main':
../Core/Src/main.c:261:4: warning: implicit declaration of function 'sprintf' [-Wimplicit-function-declaration]
  261 |    sprintf (buf, "%.2f", Gx);
      |    ^~~~~~~
../Core/Src/main.c:261:4: warning: incompatible implicit declaration of built-in function 'sprintf'
../Core/Src/main.c:23:1: note: include '<stdio.h>' or provide a declaration of 'sprintf'
   22 | #include "i2c-lcd.h"
  +++ |+#include <stdio.h>
   23 | /* Private includes ----------------------------------------------------------*/
../Core/Src/main.c:261:23: warning: 'sprintf' may write a terminating nul past the end of the destination [-Wformat-overflow=]
  261 |    sprintf (buf, "%.2f", Gx);
      |                       ^
../Core/Src/main.c:261:4: note: 'sprintf' output between 4 and 314 bytes into a destination of size 4
  261 |    sprintf (buf, "%.2f", Gx);
      |    ^~~~~~~~~~~~~~~~~~~~~~~~~
arm-none-eabi-gcc -o "LCD_MPU6050.elf" @"objects.list"   -mcpu=cortex-m3 -T"D:\Documentos\ME1\Proyecto\LCD_MPU6050\STM32F103C8TX_FLASH.ld" --specs=nosys.specs -Wl,-Map="LCD_MPU6050.map" -Wl,--gc-sections -static -u _printf_float --specs=nano.specs -mfloat-abi=soft -mthumb -Wl,--start-group -lc -lm -Wl,--end-group
Finished building target: LCD_MPU6050.elf
 
arm-none-eabi-size   LCD_MPU6050.elf 
arm-none-eabi-objdump -h -S  LCD_MPU6050.elf  > "LCD_MPU6050.list"
   text	   data	    bss	    dec	    hex	filename
  26496	    484	   1780	  28760	   7058	LCD_MPU6050.elf
Finished building: default.size.stdout
 
Finished building: LCD_MPU6050.list
 

16:29:22 Build Finished. 0 errors, 3 warnings. (took 730ms)

